
> corretor-gabarito-frontend@0.0.0 build
> tsc -b && vite build

src/pages/Students.tsx(4,16): error TS6133: 'CardContent' is declared but its value is never read.
